// Jest Snapshot v1, https://goo.gl/fbAQLP

exports[`#fetchAccounts should collect data: accountData 1`] = `
{
  "groups": [
    {
      "id": 1,
      "name": "Test Group",
      "site": {
        "id": 1,
        "name": "Test site",
      },
    },
    {
      "id": 2,
      "name": "Another Test Group",
      "site": {
        "id": 1,
        "name": "Test site",
      },
    },
    {
      "id": 3,
      "name": "Not all groups have members inside in api",
      "site": {
        "id": 1,
        "name": "Test site",
      },
    },
  ],
  "users": [
    {
      "id": 12,
      "name": "adam.pierson",
    },
    {
      "id": 1,
      "name": "adam.williams",
    },
    {
      "id": 9,
      "name": "austin.kelleher",
    },
    {
      "id": 13,
      "name": "chasen.bettinger",
    },
    {
      "id": 3,
      "name": "erkang.zheng",
    },
    {
      "id": 7,
      "name": "isaacwilliams",
    },
    {
      "id": 8,
      "name": "jupiterone.dev",
    },
    {
      "id": 14,
      "name": "max.daum",
    },
    {
      "id": 17,
      "name": "my.new.account",
    },
    {
      "id": 10,
      "name": "nick.dowmon",
    },
    {
      "id": 15,
      "name": "samuel.poulton",
    },
    {
      "id": 11,
      "name": "stefan.virag",
    },
    {
      "id": 16,
      "name": "Wrong_Permissions",
    },
  ],
}
`;

exports[`#fetchAccounts should collect data: jobState 1`] = `
{
  "collectedEntities": [
    {
      "_class": [
        "Account",
      ],
      "_key": "jamf_account_local-integration-instance",
      "_rawData": [
        {
          "name": "default",
          "rawData": {
            "id": "local-integration-instance",
            "name": "Local Integration",
          },
        },
      ],
      "_type": "jamf_account",
      "createdOn": undefined,
      "displayName": "Local Integration",
      "id": "local-integration-instance",
      "name": "Local Integration",
    },
  ],
  "collectedRelationships": [],
  "encounteredTypes": [
    "jamf_account",
  ],
  "numCollectedEntities": 1,
  "numCollectedRelationships": 0,
}
`;
